exports[`Home page > should render the home page #0`] = `
<header class="sc-eCssSg fqVOuX">
  <a class="sc-hKgILt hQgVcw" href="/">Home</a>
  <fieldset class="sc-dlfnbm ixdErI">
    <label for="subreddit-select">Select a Suggested Subreddit</label
    ><select
      id="subreddit-select"
      data-cy="select-menu"
      class="sc-jSgupP hxWQyh"
      ><optgroup label="Select a Suggested Subreddit"
        ><option value="reactjs">reactjs</option
        ><option value="guitarpedals">Guitar Pedals</option
        ><option value="guitar">Guitar</option
        ><option value="dataisbeautiful">dataisbeautiful</option
        ><option value="DIY">DIY</option
        ><option value="doommetal">Doom Metal</option
        ><option value="javascript">javascript</option
        ><option value="nottheonion">Not The Onion</option></optgroup
      ></select
    >
  </fieldset>
  <form class="sc-gKsewC kHdsYj">
    <input name="subreddit" placeholder="Enter a subreddit..." /><button
      color="green"
      class="sc-gsTCUz hhaOxR"
    >
      submit
    </button>
  </form>
</header>
`;

exports[`Home page > should render the home page #1`] = `
<nav class="sc-iBPRYJ hRyXLA">
  <h2>Suggested Subreddits</h2>
  <ul class="sc-fubCfw iqJQQP">
    <li><a href="/r/reactjs">reactjs</a></li>
    <li><a href="/r/guitarpedals">Guitar Pedals</a></li>
    <li><a href="/r/guitar">Guitar</a></li>
    <li><a href="/r/dataisbeautiful">dataisbeautiful</a></li>
    <li><a href="/r/DIY">DIY</a></li>
    <li><a href="/r/doommetal">Doom Metal</a></li>
    <li><a href="/r/javascript">javascript</a></li>
    <li><a href="/r/nottheonion">Not The Onion</a></li>
  </ul>
</nav>
`;
