// Jest Snapshot v1, https://goo.gl/fbAQLP

exports[`Button Component Button matches snapshot 1`] = `
<button
  className="sc-bdVaJa Moiob"
  color="green"
  onClick={
    [MockFunction] {
      "calls": Array [
        Array [],
      ],
      "results": Array [
        Object {
          "isThrow": false,
          "value": undefined,
        },
      ],
    }
  }
  size="large"
>
  submit
</button>
`;
