// Jest Snapshot v1, https://goo.gl/fbAQLP

exports[`MainContainer MainContainer matches snapshot 1`] = `
<div
  className="sc-bdVaJa enHcpj"
>
  <header
    className="sc-ifAKCX gcPEBf"
  >
    <a
      className="sc-bxivhb drpxUl"
      href="/"
      onClick={[Function]}
    >
      Home
    </a>
    <fieldset
      className="sc-htpNat PiYSI"
    >
      <label
        htmlFor="subreddit-select"
      >
        Select a Suggested Subreddit
      </label>
      <select
        className="sc-EHOje jvXsky"
        id="subreddit-select"
        onChange={[Function]}
      >
        <optgroup
          label="Select a Suggested Subreddit"
        >
          <option
            value="reactjs"
          >
            reactjs
          </option>
          <option
            value="guitarpedals"
          >
            Guitar Pedals
          </option>
          <option
            value="guitar"
          >
            Guitar
          </option>
          <option
            value="dataisbeautiful"
          >
            dataisbeautiful
          </option>
          <option
            value="DIY"
          >
            DIY
          </option>
          <option
            value="doommetal"
          >
            Doom Metal
          </option>
          <option
            value="javascript"
          >
            javascript
          </option>
          <option
            value="nottheonion"
          >
            Not The Onion
          </option>
        </optgroup>
      </select>
    </fieldset>
    <form
      className="sc-bZQynM epBIuB"
      onSubmit={[Function]}
    >
      <input
        name="subreddit"
        placeholder="Enter a subreddit..."
      />
      <button
        className="sc-bwzfXH cEwmJl"
        color="green"
        onClick={[Function]}
        size="small"
      >
        submit
      </button>
    </form>
  </header>
</div>
`;
