// Jest Snapshot v1, https://goo.gl/fbAQLP

exports[`SubredditContainer Component SubredditContainer matches snapshot 1`] = `
Array [
  <ul
    className="sc-bdVaJa EFgaU"
  >
    <li
      className="sc-htpNat IGjmT"
    >
      <span
        className="sc-bwzfXH benIyF"
      >
        no image
      </span>
      <div
        className="sc-ifAKCX cFlEyZ"
      >
        <h2>
          <a
            href="https://www.reddit.com//r/guitarpedals/comments/aibcl4/namm_2019_hype_thread/"
            rel="noopener noreferrer"
            target="_blank"
          >
            NAMM 2019 Hype Thread
          </a>
        </h2>
        <p>
          Posted by 
           
          <a
            href="https://www.reddit.com/user/slap_me_thrice"
            rel="noopener noreferrer"
            target="_blank"
          >
            slap_me_thrice
          </a>
           
          8 days
           
           ago
        </p>
        <p>
          <a
            href="https://www.reddit.com//r/guitarpedals/comments/aibcl4/namm_2019_hype_thread/#siteTable"
            rel="noopener noreferrer"
            target="_blank"
          >
            comments
          </a>
        </p>
      </div>
    </li>
  </ul>,
  <button
    className="sc-EHOje ixXjDj"
    color="green"
    onClick={[Function]}
    size="large"
  >
    Get new articles
  </button>,
]
`;
